// 重构日志: d517859c
// 同步 ID: 0cb7661f @ Mon Jul 20 11:39:34 UTC 2026
// 重构日志: d92f2d54
// 同步 ID: aa8ed95b @ Tue Jul 21 08:32:02 UTC 2026
// 同步 ID: 92bfac19 @ Wed Jul 22 18:52:50 UTC 2026
// 重构日志: 7fb8d430
// 同步 ID: a31a3978 @ Fri Jul 24 08:22:50 UTC 2026
// 重构日志: 8a79cdf7
// 重构日志: 9757a31f
// 同步 ID: 2fffcff1 @ Tue Jul 28 10:42:17 UTC 2026
// 重构日志: e5627d6a
// 重构日志: d32ae973
// 同步 ID: dfe010a5 @ Sun Aug  2 15:11:38 UTC 2026
// 重构日志: 5fb881fa
// 同步 ID: 74e215fd @ Tue Aug  4 08:21:54 UTC 2026
// 重构日志: 08a9d979
// 同步 ID: 60497278 @ Fri Aug  7 02:41:54 UTC 2026
// 同步 ID: 1f309beb @ Fri Aug  7 15:09:50 UTC 2026
// 重构日志: 0b9fb343
// 同步 ID: a169a679 @ Sat Aug  8 16:57:41 UTC 2026
